<html>
<body>
<pre>
<h1>µVision Build Log</h1>
<h2>Tool Versions:</h2>
IDE-Version: µVision V5.25.2.0
Copyright (C) 2018 ARM Ltd and ARM Germany GmbH. All rights reserved.
License Information: sathit ADMIN, -, LIC=46F30-B0DX5-MJC6G-V6TSK-HFE8K-8ZIBD
 
Tool Versions:
Toolchain:       *** Unknown Product ***  Version: 5.25.2.0
Toolchain Path:  C:\Keil_v5\ARM\ARMCC\Bin
C Compiler:      Armcc.exe V5.06 update 6 (build 750)
Assembler:       Armasm.exe V5.06 update 6 (build 750)
Linker/Locator:  ArmLink.exe V5.06 update 6 (build 750)
Library Manager: ArmAr.exe V5.06 update 6 (build 750)
Hex Converter:   FromElf.exe V5.06 update 6 (build 750)
CPU DLL:         SARMCM3.DLL V5.25.2.0
Dialog DLL:      DCM.DLL V1.17.1.0
Target DLL:      STLink\ST-LINKIII-KEIL_SWO.dll V3.0.1.0
Dialog DLL:      TCM.DLL V1.35.1.0
 
<h2>Project:</h2>
C:\Users\ADMIN\Documents\STM32\Lab6.0\MDK-ARM\Lab6.0.uvprojx
Project File Date:  02/09/2020

<h2>Output:</h2>
*** Using Compiler 'V5.06 update 6 (build 750)', folder: 'C:\Keil_v5\ARM\ARMCC\Bin'
Build target 'Lab6.0'
compiling tim.c...
../Src/tim.c(180): warning:  #1-D: last line of file ends without a newline
  /************************ (C) COPYRIGHT STMicroelectronics *****END OF FILE****/
../Src/tim.c: 1 warning, 0 errors
compiling stm32f4xx_it.c...
../Src/stm32f4xx_it.c(251): warning:  #1-D: last line of file ends without a newline
  /************************ (C) COPYRIGHT STMicroelectronics *****END OF FILE****/
../Src/stm32f4xx_it.c: 1 warning, 0 errors
compiling main.c...
../Src/main.c(186): warning:  #223-D: function "sprintf" declared implicitly
  	sprintf(str,"%d\r\n",value);
../Src/main.c(193): warning:  #223-D: function "sprintf" declared implicitly
  	sprintf(time,"%02d:%02d\r", (value/(60*1000))%60, (value/1000)%60);
../Src/main.c(228): warning:  #1-D: last line of file ends without a newline
  /************************ (C) COPYRIGHT STMicroelectronics *****END OF FILE****/
../Src/main.c: 3 warnings, 0 errors
linking...
Program Size: Code=6072 RO-data=464 RW-data=24 ZI-data=1216  
FromELF: creating hex file...
"Lab6.0\Lab6.0" - 0 Error(s), 5 Warning(s).

<h2>Software Packages used:</h2>

Package Vendor: ARM
                http://www.keil.com/pack/ARM.CMSIS.5.4.0.pack
                ARM.CMSIS.5.4.0
                CMSIS (Cortex Microcontroller Software Interface Standard)
   * Component: CORE Version: 5.1.2

Package Vendor: Keil
                http://www.keil.com/pack/Keil.STM32F4xx_DFP.2.14.0.pack
                Keil.STM32F4xx_DFP.2.14.0
                STMicroelectronics STM32F4 Series Device Support, Drivers and Examples

<h2>Collection of Component include folders:</h2>
  .\RTE\_Lab6.0
  C:\Keil_v5\ARM\PACK\ARM\CMSIS\5.4.0\CMSIS\Core\Include
  C:\Keil_v5\ARM\PACK\Keil\STM32F4xx_DFP\2.14.0\Drivers\CMSIS\Device\ST\STM32F4xx\Include

<h2>Collection of Component Files used:</h2>

   * Component: ARM::CMSIS:CORE:5.1.2
Build Time Elapsed:  00:00:08
</pre>
</body>
</html>
